exports[`Sidebar should match snapshot 1`] = `
<div
  className="sidebar pull-right">
  <div
    className="list-group">
    <div
      className="list-group-item">
      <h4
        className="list-group-item-heading">
        Menu
      </h4>
    </div>
    <Link
      className="list-group-item"
      onClick={[Function]}
      onlyActiveOnIndex={false}
      style={Object {}}
      to="/">
      Home
    </Link>
    <Link
      className="list-group-item"
      onClick={[Function]}
      onlyActiveOnIndex={false}
      style={Object {}}
      to="/payslip-generator">
      Payslip Generator
    </Link>
  </div>
</div>
`;
